/Users/jacobflaxman/Desktop/senior_design_1/LoRaWAN_End_Node/LoRaWAN/App/lora_app.c:670:13:OnTxTimerLedEvent	0	static
/Users/jacobflaxman/Desktop/senior_design_1/LoRaWAN_End_Node/LoRaWAN/App/lora_app.c:675:13:OnRxTimerLedEvent	0	static
/Users/jacobflaxman/Desktop/senior_design_1/LoRaWAN_End_Node/LoRaWAN/App/lora_app.c:719:13:OnJoinRequest	0	static
/Users/jacobflaxman/Desktop/senior_design_1/LoRaWAN_End_Node/LoRaWAN/App/lora_app.c:810:13:OnTxFrameCtrlChanged	0	static
/Users/jacobflaxman/Desktop/senior_design_1/LoRaWAN_End_Node/LoRaWAN/App/lora_app.c:821:13:OnPingSlotPeriodicityChanged	0	static
/Users/jacobflaxman/Desktop/senior_design_1/LoRaWAN_End_Node/LoRaWAN/App/lora_app.c:725:13:OnBeaconStatusChange	72	static
/Users/jacobflaxman/Desktop/senior_design_1/LoRaWAN_End_Node/LoRaWAN/App/lora_app.c:769:13:OnClassChange	16	static
/Users/jacobflaxman/Desktop/senior_design_1/LoRaWAN_End_Node/LoRaWAN/App/lora_app.c:921:13:OnNvmDataChange	8	static
/Users/jacobflaxman/Desktop/senior_design_1/LoRaWAN_End_Node/LoRaWAN/App/lora_app.c:655:13:OnTxTimerEvent	8	static
/Users/jacobflaxman/Desktop/senior_design_1/LoRaWAN_End_Node/LoRaWAN/App/lora_app.c:776:13:OnMacProcessNotify	8	static
/Users/jacobflaxman/Desktop/senior_design_1/LoRaWAN_End_Node/LoRaWAN/App/lora_app.c:883:13:OnStopJoinTimerEvent	8	static
/Users/jacobflaxman/Desktop/senior_design_1/LoRaWAN_End_Node/LoRaWAN/App/lora_app.c:832:13:OnSystemReset	8	static,ignoring_inline_asm
/Users/jacobflaxman/Desktop/senior_design_1/LoRaWAN_End_Node/LoRaWAN/App/lora_app.c:788:13:OnTxPeriodicityChanged	8	static
/Users/jacobflaxman/Desktop/senior_design_1/LoRaWAN_End_Node/LoRaWAN/App/lora_app.c:515:13:OnRxData	40	static
/Users/jacobflaxman/Desktop/senior_design_1/LoRaWAN_End_Node/LoRaWAN/App/lora_app.c:687:13:OnTxData	24	static
/Users/jacobflaxman/Desktop/senior_design_1/LoRaWAN_End_Node/LoRaWAN/App/lora_app.c:939:13:OnStoreContextRequest	16	static
/Users/jacobflaxman/Desktop/senior_design_1/LoRaWAN_End_Node/LoRaWAN/App/lora_app.c:954:13:OnRestoreContextRequest	8	static
/Users/jacobflaxman/Desktop/senior_design_1/LoRaWAN_End_Node/LoRaWAN/App/lora_app.c:846:13:StopJoin	16	static
/Users/jacobflaxman/Desktop/senior_design_1/LoRaWAN_End_Node/LoRaWAN/App/lora_app.c:899:13:StoreContext	8	static
/Users/jacobflaxman/Desktop/senior_design_1/LoRaWAN_End_Node/LoRaWAN/App/lora_app.c:597:13:SendTxData	24	static
/Users/jacobflaxman/Desktop/senior_design_1/LoRaWAN_End_Node/LoRaWAN/App/lora_app.c:680:13:OnJoinTimerLedEvent	8	static
/Users/jacobflaxman/Desktop/senior_design_1/LoRaWAN_End_Node/LoRaWAN/App/lora_app.c:356:6:LoRaWAN_Init	48	static
/Users/jacobflaxman/Desktop/senior_design_1/LoRaWAN_End_Node/LoRaWAN/App/lora_app.c:453:6:HAL_GPIO_EXTI_Callback	8	static
/Users/jacobflaxman/Desktop/senior_design_1/LoRaWAN_End_Node/LoRaWAN/App/lora_app.c:480:6:PauseTasks	8	static
/Users/jacobflaxman/Desktop/senior_design_1/LoRaWAN_End_Node/LoRaWAN/App/lora_app.c:489:6:ResumeTasks	8	static
/Users/jacobflaxman/Desktop/senior_design_1/LoRaWAN_End_Node/LoRaWAN/App/lora_app.c:497:6:sendCurrentTime	24	static
/Users/jacobflaxman/Desktop/senior_design_1/LoRaWAN_End_Node/LoRaWAN/App/lora_app.c:760:13:OnSysTimeUpdate	8	static
