/Users/jacobflaxman/Desktop/senior_design_1/LoRaWAN_End_Node/LoRaWAN/Target/frag_decoder_if.c:114:9:FRAG_DECODER_IF_Erase	8	static
/Users/jacobflaxman/Desktop/senior_design_1/LoRaWAN_End_Node/LoRaWAN/Target/frag_decoder_if.c:132:9:FRAG_DECODER_IF_Write	16	static
/Users/jacobflaxman/Desktop/senior_design_1/LoRaWAN_End_Node/LoRaWAN/Target/frag_decoder_if.c:172:6:FRAG_DECODER_IF_OnProgress	32	static
/Users/jacobflaxman/Desktop/senior_design_1/LoRaWAN_End_Node/LoRaWAN/Target/frag_decoder_if.c:191:6:FRAG_DECODER_IF_OnDone	24	static
/Users/jacobflaxman/Desktop/senior_design_1/LoRaWAN_End_Node/LoRaWAN/Target/frag_decoder_if.c:155:9:FRAG_DECODER_IF_Read	8	static
