/Users/jacobflaxman/Desktop/senior_design_1/LoRaWAN_End_Node/Middlewares/Third_Party/LoRaWAN/LmHandler/Packages/FragDecoder.c:423:13:SetRow	8	static
/Users/jacobflaxman/Desktop/senior_design_1/LoRaWAN_End_Node/Middlewares/Third_Party/LoRaWAN/LmHandler/Packages/FragDecoder.c:431:13:GetRow	8	static
/Users/jacobflaxman/Desktop/senior_design_1/LoRaWAN_End_Node/Middlewares/Third_Party/LoRaWAN/LmHandler/Packages/FragDecoder.c:439:16:GetParity	0	static
/Users/jacobflaxman/Desktop/senior_design_1/LoRaWAN_End_Node/Middlewares/Third_Party/LoRaWAN/LmHandler/Packages/FragDecoder.c:447:13:SetParity	0	static
/Users/jacobflaxman/Desktop/senior_design_1/LoRaWAN_End_Node/Middlewares/Third_Party/LoRaWAN/LmHandler/Packages/FragDecoder.c:454:13:IsPowerOfTwo	0	static
/Users/jacobflaxman/Desktop/senior_design_1/LoRaWAN_End_Node/Middlewares/Third_Party/LoRaWAN/LmHandler/Packages/FragDecoder.c:469:13:XorDataLine	4	static
/Users/jacobflaxman/Desktop/senior_design_1/LoRaWAN_End_Node/Middlewares/Third_Party/LoRaWAN/LmHandler/Packages/FragDecoder.c:477:13:XorParityLine	32	static
/Users/jacobflaxman/Desktop/senior_design_1/LoRaWAN_End_Node/Middlewares/Third_Party/LoRaWAN/LmHandler/Packages/FragDecoder.c:485:16:FragPrbs23	0	static
/Users/jacobflaxman/Desktop/senior_design_1/LoRaWAN_End_Node/Middlewares/Third_Party/LoRaWAN/LmHandler/Packages/FragDecoder.c:492:13:FragGetParityMatrixRow	32	static
/Users/jacobflaxman/Desktop/senior_design_1/LoRaWAN_End_Node/Middlewares/Third_Party/LoRaWAN/LmHandler/Packages/FragDecoder.c:531:17:BitArrayFindFirstOne	16	static
/Users/jacobflaxman/Desktop/senior_design_1/LoRaWAN_End_Node/Middlewares/Third_Party/LoRaWAN/LmHandler/Packages/FragDecoder.c:543:16:BitArrayIsAllZeros	16	static
/Users/jacobflaxman/Desktop/senior_design_1/LoRaWAN_End_Node/Middlewares/Third_Party/LoRaWAN/LmHandler/Packages/FragDecoder.c:555:13:FragFindMissingFrags	0	static
/Users/jacobflaxman/Desktop/senior_design_1/LoRaWAN_End_Node/Middlewares/Third_Party/LoRaWAN/LmHandler/Packages/FragDecoder.c:576:17:FragFindMissingIndex	0	static
/Users/jacobflaxman/Desktop/senior_design_1/LoRaWAN_End_Node/Middlewares/Third_Party/LoRaWAN/LmHandler/Packages/FragDecoder.c:588:13:FragExtractLineFromBinaryMatrix	32	static
/Users/jacobflaxman/Desktop/senior_design_1/LoRaWAN_End_Node/Middlewares/Third_Party/LoRaWAN/LmHandler/Packages/FragDecoder.c:620:13:FragPushLineToBinaryMatrix	24	static
/Users/jacobflaxman/Desktop/senior_design_1/LoRaWAN_End_Node/Middlewares/Third_Party/LoRaWAN/LmHandler/Packages/FragDecoder.c:216:6:FragDecoderInit	8	static
/Users/jacobflaxman/Desktop/senior_design_1/LoRaWAN_End_Node/Middlewares/Third_Party/LoRaWAN/LmHandler/Packages/FragDecoder.c:252:10:FragDecoderGetMaxFileSize	0	static
/Users/jacobflaxman/Desktop/senior_design_1/LoRaWAN_End_Node/Middlewares/Third_Party/LoRaWAN/LmHandler/Packages/FragDecoder.c:257:9:FragDecoderProcess	40	static
/Users/jacobflaxman/Desktop/senior_design_1/LoRaWAN_End_Node/Middlewares/Third_Party/LoRaWAN/LmHandler/Packages/FragDecoder.c:412:21:FragDecoderGetStatus	0	static
