../Middlewares/LoRaWAN/LmhpFragmentation.c:237:13:OnFragmentProcessTimer	8	static
../Middlewares/LoRaWAN/LmhpFragmentation.c:278:13:LmhpFragmentationIsInitialized	0	static
../Middlewares/LoRaWAN/LmhpFragmentation.c:283:13:LmhpFragmentationIsTxPending	0	static
../Middlewares/LoRaWAN/LmhpFragmentation.c:320:13:LmhpFragmentationOnMcpsIndication	96	static
../Middlewares/LoRaWAN/LmhpFragmentation.c:288:13:LmhpFragmentationProcess	16	static
../Middlewares/LoRaWAN/LmhpFragmentation.c:254:13:LmhpFragmentationInit	16	static
../Middlewares/LoRaWAN/LmhpFragmentation.c:249:15:LmhpFragmentationPackageFactory	0	static
