../Middlewares/LoRaWAN/LmhpRemoteMcastSetup.c:260:13:LmhpRemoteMcastSetupIsInitialized	0	static
../Middlewares/LoRaWAN/LmhpRemoteMcastSetup.c:265:13:LmhpRemoteMcastSetupIsTxPending	0	static
../Middlewares/LoRaWAN/LmhpRemoteMcastSetup.c:347:13:LmhpRemoteMcastSetupOnMcpsIndication	96	static
../Middlewares/LoRaWAN/LmhpRemoteMcastSetup.c:270:13:LmhpRemoteMcastSetupProcess	16	static,ignoring_inline_asm
../Middlewares/LoRaWAN/LmhpRemoteMcastSetup.c:224:13:LmhpRemoteMcastSetupInit	16	static
../Middlewares/LoRaWAN/LmhpRemoteMcastSetup.c:685:13:OnSessionStopTimer0	8	static
../Middlewares/LoRaWAN/LmhpRemoteMcastSetup.c:672:13:OnSessionStartTimer0	8	static
../Middlewares/LoRaWAN/LmhpRemoteMcastSetup.c:219:15:LmhpRemoteMcastSetupPackageFactory	0	static
