/Users/jacobflaxman/Desktop/senior_design_1/LoRaWAN_End_Node/FATFS/Target/user_diskio.c:80:9:USER_initialize	8	static
/Users/jacobflaxman/Desktop/senior_design_1/LoRaWAN_End_Node/FATFS/Target/user_diskio.c:95:9:USER_status	8	static
/Users/jacobflaxman/Desktop/senior_design_1/LoRaWAN_End_Node/FATFS/Target/user_diskio.c:113:9:USER_read	8	static
/Users/jacobflaxman/Desktop/senior_design_1/LoRaWAN_End_Node/FATFS/Target/user_diskio.c:134:9:USER_write	8	static
/Users/jacobflaxman/Desktop/senior_design_1/LoRaWAN_End_Node/FATFS/Target/user_diskio.c:157:9:USER_ioctl	8	static
